debugfs 1.47.4 (6-Mar-2025)
===LIVE-REBUILD-HOST-BEGIN===
boot_kernel=/Users/txc/code/Auto-OS/.guest-runs/aarch64-hvf/starryos-hvf-smp8-hvfopt-wake-local-20260524.bin
work_rootfs=/Users/txc/code/Auto-OS/showtime-2/final/live-demo/out/rootfs-02-guest-build-starryos.img
log=showtime-2/final/live-demo/out/02-guest-build-starryos-diagnose-full-20260530T163953.serial.log
qemu_smp=8
qemu_cpu=max
keep_rootfs=0
quiet_serial=0
serial_log_mode=full
===LIVE-REBUILD-HOST-QEMU-END rc=139===
===LIVE-GUEST-REBUILD-BEGIN===
===LIVE-GUEST-REBUILD-ENV-BEGIN===
===LIVE-GUEST-REBUILD-CARGO-BEGIN start=1780130451===
===LIVE-GUEST-REBUILD-CARGO-END rc=139 final_rc=139 elapsed=632===
===LIVE-GUEST-REBUILD-FAIL rc=139 elapsed=632===
===LIVE-GUEST-REBUILD-DONE rc=139===
guest rebuild failed; see log: showtime-2/final/live-demo/out/02-guest-build-starryos-diagnose-full-20260530T163953.serial.log
real 691.92
user 2303.33
sys 348.94
